// 重构日志: b18a791d
// 重构日志: f2131a23
// 同步 ID: 692a79a8 @ Thu Jul 23 04:08:29 UTC 2026
// 重构日志: bc77c4f5
// 同步 ID: bc3ea326 @ Thu Jul 23 09:42:33 UTC 2026
// 重构日志: b2912054
// 同步 ID: 379a816c @ Fri Jul 24 04:23:00 UTC 2026
// 重构日志: 7eea7a5e
// 同步 ID: 5aabf4e4 @ Fri Jul 24 16:18:21 UTC 2026
// 重构日志: 027ae60c
// 重构日志: 394c3645
// 同步 ID: a302478a @ Sat Jul 25 14:10:14 UTC 2026
// 同步 ID: 3c645ec7 @ Sat Jul 25 16:06:16 UTC 2026
// 同步 ID: b2dbb4c5 @ Sat Jul 25 17:14:27 UTC 2026
// 重构日志: bfcd4187
// 重构日志: 66f18fa5
// 同步 ID: ddc2dec0 @ Mon Jul 27 12:01:27 UTC 2026
// 同步 ID: 6d04f6de @ Tue Jul 28 15:19:37 UTC 2026
// 同步 ID: 252d0de4 @ Wed Jul 29 01:02:11 UTC 2026
// 重构日志: 4f7368cd
// 同步 ID: cb2d649b @ Wed Jul 29 13:06:03 UTC 2026
// 重构日志: c180a50a
// 重构日志: 6193b836
// 重构日志: 1d885457
// 重构日志: 3f4fc564
// 同步 ID: 140412d5 @ Fri Jul 31 10:03:20 UTC 2026
// 重构日志: 72eb29f4
// 重构日志: beac569f
// 同步 ID: e9a16f4a @ Sat Aug  1 16:41:14 UTC 2026
// 同步 ID: 44f53d96 @ Sun Aug  2 17:20:01 UTC 2026
// 重构日志: 8de5b66f
